#-----------------------------------------------------------
# Vivado v2024.1 (64-bit)
# SW Build 5076996 on Wed May 22 18:36:09 MDT 2024
# IP Build 5075265 on Wed May 22 21:45:21 MDT 2024
# SharedData Build 5076995 on Wed May 22 18:29:18 MDT 2024
# Start of session at: Sat Feb  8 01:30:30 2025
# Process ID: 79519
# Current directory: /home/yangfan/Desktop/Columbia/2025Spring/Projects/microgpu/tiniest-gpu/fpga/xilinx/full
# Command line: vivado
# Log file: /home/yangfan/Desktop/Columbia/2025Spring/Projects/microgpu/tiniest-gpu/fpga/xilinx/full/vivado.log
# Journal file: /home/yangfan/Desktop/Columbia/2025Spring/Projects/microgpu/tiniest-gpu/fpga/xilinx/full/vivado.jou
# Running On        :Wangs-Linux
# Platform          :Ubuntu
# Operating System  :Ubuntu 24.04.1 LTS
# Processor Detail  :AMD Ryzen 7 3700X 8-Core Processor
# CPU Frequency     :4104.987 MHz
# CPU Physical cores:8
# CPU Logical cores :16
# Host memory       :33552 MB
# Swap memory       :2147 MB
# Total Virtual     :35699 MB
# Available Virtual :30634 MB
#-----------------------------------------------------------
start_gui
open_project /home/yangfan/Desktop/Columbia/2025Spring/Projects/microgpu/tiniest-gpu/fpga/xilinx/full/full.xpr
open_hw_manager
update_compile_order -fileset sources_1
connect_hw_server -allow_non_jtag
open_hw_target
current_hw_device [get_hw_devices xc7a35t_0]
refresh_hw_device -update_hw_probes false [lindex [get_hw_devices xc7a35t_0] 0]
reset_run impl_1 -prev_step 
launch_runs impl_1 -to_step write_bitstream -jobs 8
reset_run impl_1
launch_runs impl_1 -jobs 8
wait_on_run impl_1
launch_runs impl_1 -to_step write_bitstream -jobs 8
wait_on_run impl_1
set_property PROBES.FILE {} [get_hw_devices xc7a35t_0]
set_property FULL_PROBES.FILE {} [get_hw_devices xc7a35t_0]
set_property PROGRAM.FILE {/home/yangfan/Desktop/Columbia/2025Spring/Projects/microgpu/tiniest-gpu/fpga/xilinx/full/full.runs/impl_1/top_gpu.bit} [get_hw_devices xc7a35t_0]
program_hw_devices [get_hw_devices xc7a35t_0]
refresh_hw_device [lindex [get_hw_devices xc7a35t_0] 0]
