#-----------------------------------------------------------
# Vivado v2024.1 (64-bit)
# SW Build 5076996 on Wed May 22 18:36:09 MDT 2024
# IP Build 5075265 on Wed May 22 21:45:21 MDT 2024
# SharedData Build 5076995 on Wed May 22 18:29:18 MDT 2024
# Start of session at: Wed Feb  5 22:45:22 2025
# Process ID: 657064
# Current directory: /home/yangfan/Desktop/Columbia/2025Spring/Projects/tiniest-gpu/xilinx/full/full.runs/impl_1
# Command line: vivado -log top_gpu.vdi -applog -product Vivado -messageDb vivado.pb -mode batch -source top_gpu.tcl -notrace
# Log file: /home/yangfan/Desktop/Columbia/2025Spring/Projects/tiniest-gpu/xilinx/full/full.runs/impl_1/top_gpu.vdi
# Journal file: /home/yangfan/Desktop/Columbia/2025Spring/Projects/tiniest-gpu/xilinx/full/full.runs/impl_1/vivado.jou
# Running On        :Wangs-Linux
# Platform          :Ubuntu
# Operating System  :Ubuntu 20.04.6 LTS
# Processor Detail  :AMD Ryzen 7 3700X 8-Core Processor
# CPU Frequency     :2200.000 MHz
# CPU Physical cores:8
# CPU Logical cores :16
# Host memory       :33550 MB
# Swap memory       :2147 MB
# Total Virtual     :35698 MB
# Available Virtual :14165 MB
#-----------------------------------------------------------
source top_gpu.tcl -notrace
