#-----------------------------------------------------------
# Vivado v2024.1 (64-bit)
# SW Build 5076996 on Wed May 22 18:36:09 MDT 2024
# IP Build 5075265 on Wed May 22 21:45:21 MDT 2024
# SharedData Build 5076995 on Wed May 22 18:29:18 MDT 2024
# Start of session at: Wed Feb 19 02:36:25 2025
# Process ID: 3735767
# Current directory: /home/yangfan/Desktop/Columbia/2025Spring/Projects/microgpu/tiniest-gpu/fpga/xilinx/full/full.runs/synth_1
# Command line: vivado -log top_gpu.vds -product Vivado -mode batch -messageDb vivado.pb -notrace -source top_gpu.tcl
# Log file: /home/yangfan/Desktop/Columbia/2025Spring/Projects/microgpu/tiniest-gpu/fpga/xilinx/full/full.runs/synth_1/top_gpu.vds
# Journal file: /home/yangfan/Desktop/Columbia/2025Spring/Projects/microgpu/tiniest-gpu/fpga/xilinx/full/full.runs/synth_1/vivado.jou
# Running On        :Wangs-Linux
# Platform          :Ubuntu
# Operating System  :Ubuntu 24.04.2 LTS
# Processor Detail  :AMD Ryzen 7 3700X 8-Core Processor
# CPU Frequency     :4092.342 MHz
# CPU Physical cores:8
# CPU Logical cores :16
# Host memory       :33552 MB
# Swap memory       :2147 MB
# Total Virtual     :35699 MB
# Available Virtual :11865 MB
#-----------------------------------------------------------
source top_gpu.tcl -notrace
